Analysis & Synthesis report for MPQ
Mon May 20 21:26:26 2024
Quartus Prime Version 20.1.1 Build 720 11/11/2020 SJ Lite Edition


---------------------
; Table of Contents ;
---------------------
  1. Legal Notice
  2. Analysis & Synthesis Summary
  3. Analysis & Synthesis Settings
  4. Parallel Compilation
  5. Analysis & Synthesis Source Files Read
  6. Analysis & Synthesis Resource Usage Summary
  7. Analysis & Synthesis Resource Utilization by Entity
  8. State Machine - |MPQ|Current_State
  9. Registers Removed During Synthesis
 10. General Register Statistics
 11. Inverted Register Statistics
 12. Multiplexer Restructuring Statistics (Restructuring Performed)
 13. Parameter Settings for User Entity Instance: Top-level Entity: |MPQ
 14. Post-Synthesis Netlist Statistics for Top Partition
 15. Elapsed Time Per Partition
 16. Analysis & Synthesis Messages
 17. Analysis & Synthesis Suppressed Messages



----------------
; Legal Notice ;
----------------
Copyright (C) 2020  Intel Corporation. All rights reserved.
Your use of Intel Corporation's design tools, logic functions 
and other software and tools, and any partner logic 
functions, and any output files from any of the foregoing 
(including device programming or simulation files), and any 
associated documentation or information are expressly subject 
to the terms and conditions of the Intel Program License 
Subscription Agreement, the Intel Quartus Prime License Agreement,
the Intel FPGA IP License Agreement, or other applicable license
agreement, including, without limitation, that your use is for
the sole purpose of programming logic devices manufactured by
Intel and sold by Intel or its authorized distributors.  Please
refer to the applicable agreement for further details, at
https://fpgasoftware.intel.com/eula.



+----------------------------------------------------------------------------------+
; Analysis & Synthesis Summary                                                     ;
+------------------------------------+---------------------------------------------+
; Analysis & Synthesis Status        ; Successful - Mon May 20 21:26:26 2024       ;
; Quartus Prime Version              ; 20.1.1 Build 720 11/11/2020 SJ Lite Edition ;
; Revision Name                      ; MPQ                                         ;
; Top-level Entity Name              ; MPQ                                         ;
; Family                             ; Cyclone IV E                                ;
; Total logic elements               ; 19,366                                      ;
;     Total combinational functions  ; 19,365                                      ;
;     Dedicated logic registers      ; 2,110                                       ;
; Total registers                    ; 2110                                        ;
; Total pins                         ; 50                                          ;
; Total virtual pins                 ; 0                                           ;
; Total memory bits                  ; 0                                           ;
; Embedded Multiplier 9-bit elements ; 0                                           ;
; Total PLLs                         ; 0                                           ;
+------------------------------------+---------------------------------------------+


+------------------------------------------------------------------------------------------------------------+
; Analysis & Synthesis Settings                                                                              ;
+------------------------------------------------------------------+--------------------+--------------------+
; Option                                                           ; Setting            ; Default Value      ;
+------------------------------------------------------------------+--------------------+--------------------+
; Device                                                           ; EP4CE55F23A7       ;                    ;
; Top-level entity name                                            ; MPQ                ; MPQ                ;
; Family name                                                      ; Cyclone IV E       ; Cyclone V          ;
; Use smart compilation                                            ; Off                ; Off                ;
; Enable parallel Assembler and Timing Analyzer during compilation ; On                 ; On                 ;
; Enable compact report table                                      ; Off                ; Off                ;
; Restructure Multiplexers                                         ; Auto               ; Auto               ;
; Create Debugging Nodes for IP Cores                              ; Off                ; Off                ;
; Preserve fewer node names                                        ; On                 ; On                 ;
; Intel FPGA IP Evaluation Mode                                    ; Enable             ; Enable             ;
; Verilog Version                                                  ; Verilog_2001       ; Verilog_2001       ;
; VHDL Version                                                     ; VHDL_1993          ; VHDL_1993          ;
; State Machine Processing                                         ; Auto               ; Auto               ;
; Safe State Machine                                               ; Off                ; Off                ;
; Extract Verilog State Machines                                   ; On                 ; On                 ;
; Extract VHDL State Machines                                      ; On                 ; On                 ;
; Ignore Verilog initial constructs                                ; Off                ; Off                ;
; Iteration limit for constant Verilog loops                       ; 5000               ; 5000               ;
; Iteration limit for non-constant Verilog loops                   ; 250                ; 250                ;
; Add Pass-Through Logic to Inferred RAMs                          ; On                 ; On                 ;
; Infer RAMs from Raw Logic                                        ; On                 ; On                 ;
; Parallel Synthesis                                               ; On                 ; On                 ;
; DSP Block Balancing                                              ; Auto               ; Auto               ;
; NOT Gate Push-Back                                               ; On                 ; On                 ;
; Power-Up Don't Care                                              ; On                 ; On                 ;
; Remove Redundant Logic Cells                                     ; Off                ; Off                ;
; Remove Duplicate Registers                                       ; On                 ; On                 ;
; Ignore CARRY Buffers                                             ; Off                ; Off                ;
; Ignore CASCADE Buffers                                           ; Off                ; Off                ;
; Ignore GLOBAL Buffers                                            ; Off                ; Off                ;
; Ignore ROW GLOBAL Buffers                                        ; Off                ; Off                ;
; Ignore LCELL Buffers                                             ; Off                ; Off                ;
; Ignore SOFT Buffers                                              ; On                 ; On                 ;
; Limit AHDL Integers to 32 Bits                                   ; Off                ; Off                ;
; Optimization Technique                                           ; Balanced           ; Balanced           ;
; Carry Chain Length                                               ; 70                 ; 70                 ;
; Auto Carry Chains                                                ; On                 ; On                 ;
; Auto Open-Drain Pins                                             ; On                 ; On                 ;
; Perform WYSIWYG Primitive Resynthesis                            ; Off                ; Off                ;
; Auto ROM Replacement                                             ; On                 ; On                 ;
; Auto RAM Replacement                                             ; On                 ; On                 ;
; Auto DSP Block Replacement                                       ; On                 ; On                 ;
; Auto Shift Register Replacement                                  ; Auto               ; Auto               ;
; Allow Shift Register Merging across Hierarchies                  ; Auto               ; Auto               ;
; Auto Clock Enable Replacement                                    ; On                 ; On                 ;
; Strict RAM Replacement                                           ; Off                ; Off                ;
; Allow Synchronous Control Signals                                ; On                 ; On                 ;
; Force Use of Synchronous Clear Signals                           ; Off                ; Off                ;
; Auto RAM Block Balancing                                         ; On                 ; On                 ;
; Auto RAM to Logic Cell Conversion                                ; Off                ; Off                ;
; Auto Resource Sharing                                            ; Off                ; Off                ;
; Allow Any RAM Size For Recognition                               ; Off                ; Off                ;
; Allow Any ROM Size For Recognition                               ; Off                ; Off                ;
; Allow Any Shift Register Size For Recognition                    ; Off                ; Off                ;
; Use LogicLock Constraints during Resource Balancing              ; On                 ; On                 ;
; Ignore translate_off and synthesis_off directives                ; Off                ; Off                ;
; Timing-Driven Synthesis                                          ; On                 ; On                 ;
; Report Parameter Settings                                        ; On                 ; On                 ;
; Report Source Assignments                                        ; On                 ; On                 ;
; Report Connectivity Checks                                       ; On                 ; On                 ;
; Ignore Maximum Fan-Out Assignments                               ; Off                ; Off                ;
; Synchronization Register Chain Length                            ; 2                  ; 2                  ;
; Power Optimization During Synthesis                              ; Normal compilation ; Normal compilation ;
; HDL message level                                                ; Level2             ; Level2             ;
; Suppress Register Optimization Related Messages                  ; Off                ; Off                ;
; Number of Removed Registers Reported in Synthesis Report         ; 5000               ; 5000               ;
; Number of Swept Nodes Reported in Synthesis Report               ; 5000               ; 5000               ;
; Number of Inverted Registers Reported in Synthesis Report        ; 100                ; 100                ;
; Clock MUX Protection                                             ; On                 ; On                 ;
; Auto Gated Clock Conversion                                      ; Off                ; Off                ;
; Block Design Naming                                              ; Auto               ; Auto               ;
; SDC constraint protection                                        ; Off                ; Off                ;
; Synthesis Effort                                                 ; Auto               ; Auto               ;
; Shift Register Replacement - Allow Asynchronous Clear Signal     ; On                 ; On                 ;
; Pre-Mapping Resynthesis Optimization                             ; Off                ; Off                ;
; Analysis & Synthesis Message Level                               ; Medium             ; Medium             ;
; Disable Register Merging Across Hierarchies                      ; Auto               ; Auto               ;
; Resource Aware Inference For Block RAM                           ; On                 ; On                 ;
+------------------------------------------------------------------+--------------------+--------------------+


+------------------------------------------+
; Parallel Compilation                     ;
+----------------------------+-------------+
; Processors                 ; Number      ;
+----------------------------+-------------+
; Number detected on machine ; 16          ;
; Maximum allowed            ; 12          ;
;                            ;             ;
; Average used               ; 1.00        ;
; Maximum used               ; 12          ;
;                            ;             ;
; Usage by Processor         ; % Time Used ;
;     Processor 1            ; 100.0%      ;
;     Processor 2            ;   0.1%      ;
;     Processor 3            ;   0.0%      ;
;     Processor 4            ;   0.0%      ;
;     Processor 5            ;   0.0%      ;
;     Processor 6            ;   0.0%      ;
;     Processor 7            ;   0.0%      ;
;     Processor 8            ;   0.0%      ;
;     Processor 9            ;   0.0%      ;
;     Processors 10-12       ;   0.0%      ;
+----------------------------+-------------+


+-----------------------------------------------------------------------------------------------------------------------------------------------------+
; Analysis & Synthesis Source Files Read                                                                                                              ;
+----------------------------------+-----------------+------------------------+-------------------------------------------------------------+---------+
; File Name with User-Entered Path ; Used in Netlist ; File Type              ; File Name with Absolute Path                                ; Library ;
+----------------------------------+-----------------+------------------------+-------------------------------------------------------------+---------+
; ../RTL/MPQ.v                     ; yes             ; User Verilog HDL File  ; E:/Downloads/NCKU-Digital_IC_Design/HW4_P76124265/RTL/MPQ.v ;         ;
+----------------------------------+-----------------+------------------------+-------------------------------------------------------------+---------+


+---------------------------------------------------------------+
; Analysis & Synthesis Resource Usage Summary                   ;
+---------------------------------------------+-----------------+
; Resource                                    ; Usage           ;
+---------------------------------------------+-----------------+
; Estimated Total logic elements              ; 19,366          ;
;                                             ;                 ;
; Total combinational functions               ; 19365           ;
; Logic element usage by number of LUT inputs ;                 ;
;     -- 4 input functions                    ; 18747           ;
;     -- 3 input functions                    ; 345             ;
;     -- <=2 input functions                  ; 273             ;
;                                             ;                 ;
; Logic elements by mode                      ;                 ;
;     -- normal mode                          ; 19275           ;
;     -- arithmetic mode                      ; 90              ;
;                                             ;                 ;
; Total registers                             ; 2110            ;
;     -- Dedicated logic registers            ; 2110            ;
;     -- I/O registers                        ; 0               ;
;                                             ;                 ;
; I/O pins                                    ; 50              ;
;                                             ;                 ;
; Embedded Multiplier 9-bit elements          ; 0               ;
;                                             ;                 ;
; Maximum fan-out node                        ; Array[1][0]~372 ;
; Maximum fan-out                             ; 3081            ;
; Total fan-out                               ; 83005           ;
; Average fan-out                             ; 3.85            ;
+---------------------------------------------+-----------------+


+----------------------------------------------------------------------------------------------------------------------------------------------------------------------------------------------------------+
; Analysis & Synthesis Resource Utilization by Entity                                                                                                                                                      ;
+----------------------------+---------------------+---------------------------+-------------+--------------+---------+-----------+------+--------------+---------------------+-------------+--------------+
; Compilation Hierarchy Node ; Combinational ALUTs ; Dedicated Logic Registers ; Memory Bits ; DSP Elements ; DSP 9x9 ; DSP 18x18 ; Pins ; Virtual Pins ; Full Hierarchy Name ; Entity Name ; Library Name ;
+----------------------------+---------------------+---------------------------+-------------+--------------+---------+-----------+------+--------------+---------------------+-------------+--------------+
; |MPQ                       ; 19365 (19365)       ; 2110 (2110)               ; 0           ; 0            ; 0       ; 0         ; 50   ; 0            ; |MPQ                ; MPQ         ; work         ;
+----------------------------+---------------------+---------------------------+-------------+--------------+---------+-----------+------+--------------+---------------------+-------------+--------------+
Note: For table entries with two numbers listed, the numbers in parentheses indicate the number of resources of the given type used by the specific entity alone. The numbers listed outside of parentheses indicate the total resources of the given type used by the specific entity and all of its sub-entities in the hierarchy.


Encoding Type:  One-Hot
+--------------------------------------------------------------------------------------------------------------------------+
; State Machine - |MPQ|Current_State                                                                                       ;
+---------------------------+--------------------+---------------------------+------------------------+--------------------+
; Name                      ; Current_State.Done ; Current_State.Execute_Cmd ; Current_State.Read_Cmd ; Current_State.Load ;
+---------------------------+--------------------+---------------------------+------------------------+--------------------+
; Current_State.Load        ; 0                  ; 0                         ; 0                      ; 0                  ;
; Current_State.Read_Cmd    ; 0                  ; 0                         ; 1                      ; 1                  ;
; Current_State.Execute_Cmd ; 0                  ; 1                         ; 0                      ; 1                  ;
; Current_State.Done        ; 1                  ; 0                         ; 0                      ; 1                  ;
+---------------------------+--------------------+---------------------------+------------------------+--------------------+


+------------------------------------------------------------+
; Registers Removed During Synthesis                         ;
+---------------------------------------+--------------------+
; Register name                         ; Reason for Removal ;
+---------------------------------------+--------------------+
; Current_State~4                       ; Lost fanout        ;
; Current_State~5                       ; Lost fanout        ;
; Current_State~6                       ; Lost fanout        ;
; Total Number of Removed Registers = 3 ;                    ;
+---------------------------------------+--------------------+


+------------------------------------------------------+
; General Register Statistics                          ;
+----------------------------------------------+-------+
; Statistic                                    ; Value ;
+----------------------------------------------+-------+
; Total registers                              ; 2110  ;
; Number of registers using Synchronous Clear  ; 7     ;
; Number of registers using Synchronous Load   ; 7     ;
; Number of registers using Asynchronous Clear ; 62    ;
; Number of registers using Asynchronous Load  ; 0     ;
; Number of registers using Clock Enable       ; 2069  ;
; Number of registers using Preset             ; 0     ;
+----------------------------------------------+-------+


+--------------------------------------------------+
; Inverted Register Statistics                     ;
+----------------------------------------+---------+
; Inverted Register                      ; Fan out ;
+----------------------------------------+---------+
; busy~reg0                              ; 2       ;
; Total number of inverted registers = 1 ;         ;
+----------------------------------------+---------+


+------------------------------------------------------------------------------------------------------------------------------------------+
; Multiplexer Restructuring Statistics (Restructuring Performed)                                                                           ;
+--------------------+-----------+---------------+----------------------+------------------------+------------+----------------------------+
; Multiplexer Inputs ; Bus Width ; Baseline Area ; Area if Restructured ; Saving if Restructured ; Registered ; Example Multiplexer Output ;
+--------------------+-----------+---------------+----------------------+------------------------+------------+----------------------------+
; 6:1                ; 8 bits    ; 32 LEs        ; 8 LEs                ; 24 LEs                 ; Yes        ; |MPQ|Size[2]               ;
; 13:1               ; 7 bits    ; 56 LEs        ; 28 LEs               ; 28 LEs                 ; Yes        ; |MPQ|i_temp[6]             ;
; 11:1               ; 6 bits    ; 42 LEs        ; 18 LEs               ; 24 LEs                 ; Yes        ; |MPQ|i[3]                  ;
; 13:1               ; 8 bits    ; 64 LEs        ; 32 LEs               ; 32 LEs                 ; Yes        ; |MPQ|Array[255][2]         ;
; 13:1               ; 8 bits    ; 64 LEs        ; 32 LEs               ; 32 LEs                 ; Yes        ; |MPQ|Array[254][2]         ;
; 13:1               ; 8 bits    ; 64 LEs        ; 32 LEs               ; 32 LEs                 ; Yes        ; |MPQ|Array[253][2]         ;
; 13:1               ; 8 bits    ; 64 LEs        ; 32 LEs               ; 32 LEs                 ; Yes        ; |MPQ|Array[252][2]         ;
; 13:1               ; 8 bits    ; 64 LEs        ; 32 LEs               ; 32 LEs                 ; Yes        ; |MPQ|Array[251][5]         ;
; 13:1               ; 8 bits    ; 64 LEs        ; 32 LEs               ; 32 LEs                 ; Yes        ; |MPQ|Array[250][2]         ;
; 13:1               ; 8 bits    ; 64 LEs        ; 32 LEs               ; 32 LEs                 ; Yes        ; |MPQ|Array[249][7]         ;
; 13:1               ; 8 bits    ; 64 LEs        ; 32 LEs               ; 32 LEs                 ; Yes        ; |MPQ|Array[248][5]         ;
; 13:1               ; 8 bits    ; 64 LEs        ; 32 LEs               ; 32 LEs                 ; Yes        ; |MPQ|Array[247][5]         ;
; 13:1               ; 8 bits    ; 64 LEs        ; 32 LEs               ; 32 LEs                 ; Yes        ; |MPQ|Array[246][1]         ;
; 13:1               ; 8 bits    ; 64 LEs        ; 32 LEs               ; 32 LEs                 ; Yes        ; |MPQ|Array[245][5]         ;
; 13:1               ; 8 bits    ; 64 LEs        ; 32 LEs               ; 32 LEs                 ; Yes        ; |MPQ|Array[244][2]         ;
; 13:1               ; 8 bits    ; 64 LEs        ; 32 LEs               ; 32 LEs                 ; Yes        ; |MPQ|Array[243][7]         ;
; 13:1               ; 8 bits    ; 64 LEs        ; 32 LEs               ; 32 LEs                 ; Yes        ; |MPQ|Array[242][3]         ;
; 13:1               ; 8 bits    ; 64 LEs        ; 32 LEs               ; 32 LEs                 ; Yes        ; |MPQ|Array[241][5]         ;
; 13:1               ; 8 bits    ; 64 LEs        ; 32 LEs               ; 32 LEs                 ; Yes        ; |MPQ|Array[240][5]         ;
; 13:1               ; 8 bits    ; 64 LEs        ; 32 LEs               ; 32 LEs                 ; Yes        ; |MPQ|Array[239][5]         ;
; 13:1               ; 8 bits    ; 64 LEs        ; 32 LEs               ; 32 LEs                 ; Yes        ; |MPQ|Array[238][5]         ;
; 13:1               ; 8 bits    ; 64 LEs        ; 32 LEs               ; 32 LEs                 ; Yes        ; |MPQ|Array[237][5]         ;
; 13:1               ; 8 bits    ; 64 LEs        ; 32 LEs               ; 32 LEs                 ; Yes        ; |MPQ|Array[236][5]         ;
; 13:1               ; 8 bits    ; 64 LEs        ; 32 LEs               ; 32 LEs                 ; Yes        ; |MPQ|Array[235][5]         ;
; 13:1               ; 8 bits    ; 64 LEs        ; 32 LEs               ; 32 LEs                 ; Yes        ; |MPQ|Array[234][5]         ;
; 13:1               ; 8 bits    ; 64 LEs        ; 32 LEs               ; 32 LEs                 ; Yes        ; |MPQ|Array[233][5]         ;
; 13:1               ; 8 bits    ; 64 LEs        ; 32 LEs               ; 32 LEs                 ; Yes        ; |MPQ|Array[232][5]         ;
; 13:1               ; 8 bits    ; 64 LEs        ; 32 LEs               ; 32 LEs                 ; Yes        ; |MPQ|Array[231][5]         ;
; 13:1               ; 8 bits    ; 64 LEs        ; 32 LEs               ; 32 LEs                 ; Yes        ; |MPQ|Array[230][5]         ;
; 13:1               ; 8 bits    ; 64 LEs        ; 32 LEs               ; 32 LEs                 ; Yes        ; |MPQ|Array[229][5]         ;
; 13:1               ; 8 bits    ; 64 LEs        ; 32 LEs               ; 32 LEs                 ; Yes        ; |MPQ|Array[228][5]         ;
; 13:1               ; 8 bits    ; 64 LEs        ; 32 LEs               ; 32 LEs                 ; Yes        ; |MPQ|Array[227][4]         ;
; 13:1               ; 8 bits    ; 64 LEs        ; 32 LEs               ; 32 LEs                 ; Yes        ; |MPQ|Array[226][0]         ;
; 13:1               ; 8 bits    ; 64 LEs        ; 32 LEs               ; 32 LEs                 ; Yes        ; |MPQ|Array[225][0]         ;
; 13:1               ; 8 bits    ; 64 LEs        ; 32 LEs               ; 32 LEs                 ; Yes        ; |MPQ|Array[224][5]         ;
; 13:1               ; 8 bits    ; 64 LEs        ; 32 LEs               ; 32 LEs                 ; Yes        ; |MPQ|Array[223][5]         ;
; 13:1               ; 8 bits    ; 64 LEs        ; 32 LEs               ; 32 LEs                 ; Yes        ; |MPQ|Array[222][5]         ;
; 13:1               ; 8 bits    ; 64 LEs        ; 32 LEs               ; 32 LEs                 ; Yes        ; |MPQ|Array[221][6]         ;
; 13:1               ; 8 bits    ; 64 LEs        ; 32 LEs               ; 32 LEs                 ; Yes        ; |MPQ|Array[220][2]         ;
; 13:1               ; 8 bits    ; 64 LEs        ; 32 LEs               ; 32 LEs                 ; Yes        ; |MPQ|Array[219][3]         ;
; 13:1               ; 8 bits    ; 64 LEs        ; 32 LEs               ; 32 LEs                 ; Yes        ; |MPQ|Array[218][2]         ;
; 13:1               ; 8 bits    ; 64 LEs        ; 32 LEs               ; 32 LEs                 ; Yes        ; |MPQ|Array[217][6]         ;
; 13:1               ; 8 bits    ; 64 LEs        ; 32 LEs               ; 32 LEs                 ; Yes        ; |MPQ|Array[216][6]         ;
; 13:1               ; 8 bits    ; 64 LEs        ; 32 LEs               ; 32 LEs                 ; Yes        ; |MPQ|Array[215][6]         ;
; 13:1               ; 8 bits    ; 64 LEs        ; 32 LEs               ; 32 LEs                 ; Yes        ; |MPQ|Array[214][1]         ;
; 13:1               ; 8 bits    ; 64 LEs        ; 32 LEs               ; 32 LEs                 ; Yes        ; |MPQ|Array[213][4]         ;
; 13:1               ; 8 bits    ; 64 LEs        ; 32 LEs               ; 32 LEs                 ; Yes        ; |MPQ|Array[212][5]         ;
; 13:1               ; 8 bits    ; 64 LEs        ; 32 LEs               ; 32 LEs                 ; Yes        ; |MPQ|Array[211][7]         ;
; 13:1               ; 8 bits    ; 64 LEs        ; 32 LEs               ; 32 LEs                 ; Yes        ; |MPQ|Array[210][1]         ;
; 13:1               ; 8 bits    ; 64 LEs        ; 32 LEs               ; 32 LEs                 ; Yes        ; |MPQ|Array[209][1]         ;
; 13:1               ; 8 bits    ; 64 LEs        ; 32 LEs               ; 32 LEs                 ; Yes        ; |MPQ|Array[208][1]         ;
; 13:1               ; 8 bits    ; 64 LEs        ; 32 LEs               ; 32 LEs                 ; Yes        ; |MPQ|Array[207][3]         ;
; 13:1               ; 8 bits    ; 64 LEs        ; 32 LEs               ; 32 LEs                 ; Yes        ; |MPQ|Array[206][7]         ;
; 13:1               ; 8 bits    ; 64 LEs        ; 32 LEs               ; 32 LEs                 ; Yes        ; |MPQ|Array[205][0]         ;
; 13:1               ; 8 bits    ; 64 LEs        ; 32 LEs               ; 32 LEs                 ; Yes        ; |MPQ|Array[204][3]         ;
; 13:1               ; 8 bits    ; 64 LEs        ; 32 LEs               ; 32 LEs                 ; Yes        ; |MPQ|Array[203][2]         ;
; 13:1               ; 8 bits    ; 64 LEs        ; 32 LEs               ; 32 LEs                 ; Yes        ; |MPQ|Array[202][0]         ;
; 13:1               ; 8 bits    ; 64 LEs        ; 32 LEs               ; 32 LEs                 ; Yes        ; |MPQ|Array[201][6]         ;
; 13:1               ; 8 bits    ; 64 LEs        ; 32 LEs               ; 32 LEs                 ; Yes        ; |MPQ|Array[200][6]         ;
; 13:1               ; 8 bits    ; 64 LEs        ; 32 LEs               ; 32 LEs                 ; Yes        ; |MPQ|Array[199][4]         ;
; 13:1               ; 8 bits    ; 64 LEs        ; 32 LEs               ; 32 LEs                 ; Yes        ; |MPQ|Array[198][3]         ;
; 13:1               ; 8 bits    ; 64 LEs        ; 32 LEs               ; 32 LEs                 ; Yes        ; |MPQ|Array[197][3]         ;
; 13:1               ; 8 bits    ; 64 LEs        ; 32 LEs               ; 32 LEs                 ; Yes        ; |MPQ|Array[196][3]         ;
; 13:1               ; 8 bits    ; 64 LEs        ; 32 LEs               ; 32 LEs                 ; Yes        ; |MPQ|Array[195][3]         ;
; 13:1               ; 8 bits    ; 64 LEs        ; 32 LEs               ; 32 LEs                 ; Yes        ; |MPQ|Array[194][3]         ;
; 13:1               ; 8 bits    ; 64 LEs        ; 32 LEs               ; 32 LEs                 ; Yes        ; |MPQ|Array[193][3]         ;
; 13:1               ; 8 bits    ; 64 LEs        ; 32 LEs               ; 32 LEs                 ; Yes        ; |MPQ|Array[192][3]         ;
; 13:1               ; 8 bits    ; 64 LEs        ; 32 LEs               ; 32 LEs                 ; Yes        ; |MPQ|Array[191][3]         ;
; 13:1               ; 8 bits    ; 64 LEs        ; 32 LEs               ; 32 LEs                 ; Yes        ; |MPQ|Array[190][3]         ;
; 13:1               ; 8 bits    ; 64 LEs        ; 32 LEs               ; 32 LEs                 ; Yes        ; |MPQ|Array[189][5]         ;
; 13:1               ; 8 bits    ; 64 LEs        ; 32 LEs               ; 32 LEs                 ; Yes        ; |MPQ|Array[188][0]         ;
; 13:1               ; 8 bits    ; 64 LEs        ; 32 LEs               ; 32 LEs                 ; Yes        ; |MPQ|Array[187][5]         ;
; 13:1               ; 8 bits    ; 64 LEs        ; 32 LEs               ; 32 LEs                 ; Yes        ; |MPQ|Array[186][5]         ;
; 13:1               ; 8 bits    ; 64 LEs        ; 32 LEs               ; 32 LEs                 ; Yes        ; |MPQ|Array[185][2]         ;
; 13:1               ; 8 bits    ; 64 LEs        ; 32 LEs               ; 32 LEs                 ; Yes        ; |MPQ|Array[184][0]         ;
; 13:1               ; 8 bits    ; 64 LEs        ; 32 LEs               ; 32 LEs                 ; Yes        ; |MPQ|Array[183][3]         ;
; 13:1               ; 8 bits    ; 64 LEs        ; 32 LEs               ; 32 LEs                 ; Yes        ; |MPQ|Array[182][4]         ;
; 13:1               ; 8 bits    ; 64 LEs        ; 32 LEs               ; 32 LEs                 ; Yes        ; |MPQ|Array[181][2]         ;
; 13:1               ; 8 bits    ; 64 LEs        ; 32 LEs               ; 32 LEs                 ; Yes        ; |MPQ|Array[180][7]         ;
; 13:1               ; 8 bits    ; 64 LEs        ; 32 LEs               ; 32 LEs                 ; Yes        ; |MPQ|Array[179][0]         ;
; 13:1               ; 8 bits    ; 64 LEs        ; 32 LEs               ; 32 LEs                 ; Yes        ; |MPQ|Array[178][0]         ;
; 13:1               ; 8 bits    ; 64 LEs        ; 32 LEs               ; 32 LEs                 ; Yes        ; |MPQ|Array[177][6]         ;
; 13:1               ; 8 bits    ; 64 LEs        ; 32 LEs               ; 32 LEs                 ; Yes        ; |MPQ|Array[176][0]         ;
; 13:1               ; 8 bits    ; 64 LEs        ; 32 LEs               ; 32 LEs                 ; Yes        ; |MPQ|Array[175][5]         ;
; 13:1               ; 8 bits    ; 64 LEs        ; 32 LEs               ; 32 LEs                 ; Yes        ; |MPQ|Array[174][2]         ;
; 13:1               ; 8 bits    ; 64 LEs        ; 32 LEs               ; 32 LEs                 ; Yes        ; |MPQ|Array[173][3]         ;
; 13:1               ; 8 bits    ; 64 LEs        ; 32 LEs               ; 32 LEs                 ; Yes        ; |MPQ|Array[172][3]         ;
; 13:1               ; 8 bits    ; 64 LEs        ; 32 LEs               ; 32 LEs                 ; Yes        ; |MPQ|Array[171][4]         ;
; 13:1               ; 8 bits    ; 64 LEs        ; 32 LEs               ; 32 LEs                 ; Yes        ; |MPQ|Array[170][7]         ;
; 13:1               ; 8 bits    ; 64 LEs        ; 32 LEs               ; 32 LEs                 ; Yes        ; |MPQ|Array[169][1]         ;
; 13:1               ; 8 bits    ; 64 LEs        ; 32 LEs               ; 32 LEs                 ; Yes        ; |MPQ|Array[168][1]         ;
; 13:1               ; 8 bits    ; 64 LEs        ; 32 LEs               ; 32 LEs                 ; Yes        ; |MPQ|Array[167][7]         ;
; 13:1               ; 8 bits    ; 64 LEs        ; 32 LEs               ; 32 LEs                 ; Yes        ; |MPQ|Array[166][0]         ;
; 13:1               ; 8 bits    ; 64 LEs        ; 32 LEs               ; 32 LEs                 ; Yes        ; |MPQ|Array[165][4]         ;
; 13:1               ; 8 bits    ; 64 LEs        ; 32 LEs               ; 32 LEs                 ; Yes        ; |MPQ|Array[164][2]         ;
; 13:1               ; 8 bits    ; 64 LEs        ; 32 LEs               ; 32 LEs                 ; Yes        ; |MPQ|Array[163][5]         ;
; 13:1               ; 8 bits    ; 64 LEs        ; 32 LEs               ; 32 LEs                 ; Yes        ; |MPQ|Array[162][6]         ;
; 13:1               ; 8 bits    ; 64 LEs        ; 32 LEs               ; 32 LEs                 ; Yes        ; |MPQ|Array[161][2]         ;
; 13:1               ; 8 bits    ; 64 LEs        ; 32 LEs               ; 32 LEs                 ; Yes        ; |MPQ|Array[160][5]         ;
; 13:1               ; 8 bits    ; 64 LEs        ; 32 LEs               ; 32 LEs                 ; Yes        ; |MPQ|Array[159][4]         ;
; 13:1               ; 8 bits    ; 64 LEs        ; 32 LEs               ; 32 LEs                 ; Yes        ; |MPQ|Array[158][5]         ;
; 13:1               ; 8 bits    ; 64 LEs        ; 32 LEs               ; 32 LEs                 ; Yes        ; |MPQ|Array[157][0]         ;
; 13:1               ; 8 bits    ; 64 LEs        ; 32 LEs               ; 32 LEs                 ; Yes        ; |MPQ|Array[156][4]         ;
; 13:1               ; 8 bits    ; 64 LEs        ; 32 LEs               ; 32 LEs                 ; Yes        ; |MPQ|Array[155][2]         ;
; 13:1               ; 8 bits    ; 64 LEs        ; 32 LEs               ; 32 LEs                 ; Yes        ; |MPQ|Array[154][0]         ;
; 13:1               ; 8 bits    ; 64 LEs        ; 32 LEs               ; 32 LEs                 ; Yes        ; |MPQ|Array[153][6]         ;
; 13:1               ; 8 bits    ; 64 LEs        ; 32 LEs               ; 32 LEs                 ; Yes        ; |MPQ|Array[152][0]         ;
; 13:1               ; 8 bits    ; 64 LEs        ; 32 LEs               ; 32 LEs                 ; Yes        ; |MPQ|Array[151][2]         ;
; 13:1               ; 8 bits    ; 64 LEs        ; 32 LEs               ; 32 LEs                 ; Yes        ; |MPQ|Array[150][4]         ;
; 13:1               ; 8 bits    ; 64 LEs        ; 32 LEs               ; 32 LEs                 ; Yes        ; |MPQ|Array[149][6]         ;
; 13:1               ; 8 bits    ; 64 LEs        ; 32 LEs               ; 32 LEs                 ; Yes        ; |MPQ|Array[148][6]         ;
; 13:1               ; 8 bits    ; 64 LEs        ; 32 LEs               ; 32 LEs                 ; Yes        ; |MPQ|Array[147][6]         ;
; 13:1               ; 8 bits    ; 64 LEs        ; 32 LEs               ; 32 LEs                 ; Yes        ; |MPQ|Array[146][6]         ;
; 13:1               ; 8 bits    ; 64 LEs        ; 32 LEs               ; 32 LEs                 ; Yes        ; |MPQ|Array[145][7]         ;
; 13:1               ; 8 bits    ; 64 LEs        ; 32 LEs               ; 32 LEs                 ; Yes        ; |MPQ|Array[144][5]         ;
; 13:1               ; 8 bits    ; 64 LEs        ; 32 LEs               ; 32 LEs                 ; Yes        ; |MPQ|Array[143][1]         ;
; 13:1               ; 8 bits    ; 64 LEs        ; 32 LEs               ; 32 LEs                 ; Yes        ; |MPQ|Array[142][1]         ;
; 13:1               ; 8 bits    ; 64 LEs        ; 32 LEs               ; 32 LEs                 ; Yes        ; |MPQ|Array[141][3]         ;
; 13:1               ; 8 bits    ; 64 LEs        ; 32 LEs               ; 32 LEs                 ; Yes        ; |MPQ|Array[140][3]         ;
; 13:1               ; 8 bits    ; 64 LEs        ; 32 LEs               ; 32 LEs                 ; Yes        ; |MPQ|Array[139][3]         ;
; 13:1               ; 8 bits    ; 64 LEs        ; 32 LEs               ; 32 LEs                 ; Yes        ; |MPQ|Array[138][3]         ;
; 13:1               ; 8 bits    ; 64 LEs        ; 32 LEs               ; 32 LEs                 ; Yes        ; |MPQ|Array[137][3]         ;
; 13:1               ; 8 bits    ; 64 LEs        ; 32 LEs               ; 32 LEs                 ; Yes        ; |MPQ|Array[136][5]         ;
; 13:1               ; 8 bits    ; 64 LEs        ; 32 LEs               ; 32 LEs                 ; Yes        ; |MPQ|Array[135][3]         ;
; 13:1               ; 8 bits    ; 64 LEs        ; 32 LEs               ; 32 LEs                 ; Yes        ; |MPQ|Array[134][3]         ;
; 13:1               ; 8 bits    ; 64 LEs        ; 32 LEs               ; 32 LEs                 ; Yes        ; |MPQ|Array[133][2]         ;
; 13:1               ; 8 bits    ; 64 LEs        ; 32 LEs               ; 32 LEs                 ; Yes        ; |MPQ|Array[132][3]         ;
; 13:1               ; 8 bits    ; 64 LEs        ; 32 LEs               ; 32 LEs                 ; Yes        ; |MPQ|Array[131][3]         ;
; 13:1               ; 8 bits    ; 64 LEs        ; 32 LEs               ; 32 LEs                 ; Yes        ; |MPQ|Array[130][3]         ;
; 13:1               ; 8 bits    ; 64 LEs        ; 32 LEs               ; 32 LEs                 ; Yes        ; |MPQ|Array[129][3]         ;
; 13:1               ; 8 bits    ; 64 LEs        ; 32 LEs               ; 32 LEs                 ; Yes        ; |MPQ|Array[128][4]         ;
; 14:1               ; 8 bits    ; 72 LEs        ; 32 LEs               ; 40 LEs                 ; Yes        ; |MPQ|Array[127][6]         ;
; 14:1               ; 8 bits    ; 72 LEs        ; 32 LEs               ; 40 LEs                 ; Yes        ; |MPQ|Array[126][4]         ;
; 14:1               ; 8 bits    ; 72 LEs        ; 32 LEs               ; 40 LEs                 ; Yes        ; |MPQ|Array[125][4]         ;
; 14:1               ; 8 bits    ; 72 LEs        ; 32 LEs               ; 40 LEs                 ; Yes        ; |MPQ|Array[124][6]         ;
; 14:1               ; 8 bits    ; 72 LEs        ; 32 LEs               ; 40 LEs                 ; Yes        ; |MPQ|Array[123][7]         ;
; 14:1               ; 8 bits    ; 72 LEs        ; 32 LEs               ; 40 LEs                 ; Yes        ; |MPQ|Array[122][2]         ;
; 14:1               ; 8 bits    ; 72 LEs        ; 32 LEs               ; 40 LEs                 ; Yes        ; |MPQ|Array[121][7]         ;
; 14:1               ; 8 bits    ; 72 LEs        ; 32 LEs               ; 40 LEs                 ; Yes        ; |MPQ|Array[120][5]         ;
; 14:1               ; 8 bits    ; 72 LEs        ; 32 LEs               ; 40 LEs                 ; Yes        ; |MPQ|Array[119][4]         ;
; 14:1               ; 8 bits    ; 72 LEs        ; 32 LEs               ; 40 LEs                 ; Yes        ; |MPQ|Array[118][4]         ;
; 14:1               ; 8 bits    ; 72 LEs        ; 32 LEs               ; 40 LEs                 ; Yes        ; |MPQ|Array[117][4]         ;
; 14:1               ; 8 bits    ; 72 LEs        ; 32 LEs               ; 40 LEs                 ; Yes        ; |MPQ|Array[116][0]         ;
; 14:1               ; 8 bits    ; 72 LEs        ; 32 LEs               ; 40 LEs                 ; Yes        ; |MPQ|Array[115][7]         ;
; 14:1               ; 8 bits    ; 72 LEs        ; 32 LEs               ; 40 LEs                 ; Yes        ; |MPQ|Array[114][2]         ;
; 14:1               ; 8 bits    ; 72 LEs        ; 32 LEs               ; 40 LEs                 ; Yes        ; |MPQ|Array[113][3]         ;
; 14:1               ; 8 bits    ; 72 LEs        ; 32 LEs               ; 40 LEs                 ; Yes        ; |MPQ|Array[112][3]         ;
; 14:1               ; 8 bits    ; 72 LEs        ; 32 LEs               ; 40 LEs                 ; Yes        ; |MPQ|Array[111][4]         ;
; 14:1               ; 8 bits    ; 72 LEs        ; 32 LEs               ; 40 LEs                 ; Yes        ; |MPQ|Array[110][1]         ;
; 14:1               ; 8 bits    ; 72 LEs        ; 32 LEs               ; 40 LEs                 ; Yes        ; |MPQ|Array[109][1]         ;
; 14:1               ; 8 bits    ; 72 LEs        ; 32 LEs               ; 40 LEs                 ; Yes        ; |MPQ|Array[108][1]         ;
; 14:1               ; 8 bits    ; 72 LEs        ; 32 LEs               ; 40 LEs                 ; Yes        ; |MPQ|Array[107][0]         ;
; 14:1               ; 8 bits    ; 72 LEs        ; 32 LEs               ; 40 LEs                 ; Yes        ; |MPQ|Array[106][4]         ;
; 14:1               ; 8 bits    ; 72 LEs        ; 32 LEs               ; 40 LEs                 ; Yes        ; |MPQ|Array[105][4]         ;
; 14:1               ; 8 bits    ; 72 LEs        ; 32 LEs               ; 40 LEs                 ; Yes        ; |MPQ|Array[104][3]         ;
; 14:1               ; 8 bits    ; 72 LEs        ; 32 LEs               ; 40 LEs                 ; Yes        ; |MPQ|Array[103][3]         ;
; 14:1               ; 8 bits    ; 72 LEs        ; 32 LEs               ; 40 LEs                 ; Yes        ; |MPQ|Array[102][6]         ;
; 14:1               ; 8 bits    ; 72 LEs        ; 32 LEs               ; 40 LEs                 ; Yes        ; |MPQ|Array[101][1]         ;
; 14:1               ; 8 bits    ; 72 LEs        ; 32 LEs               ; 40 LEs                 ; Yes        ; |MPQ|Array[100][6]         ;
; 14:1               ; 8 bits    ; 72 LEs        ; 32 LEs               ; 40 LEs                 ; Yes        ; |MPQ|Array[99][1]          ;
; 14:1               ; 8 bits    ; 72 LEs        ; 32 LEs               ; 40 LEs                 ; Yes        ; |MPQ|Array[98][1]          ;
; 14:1               ; 8 bits    ; 72 LEs        ; 32 LEs               ; 40 LEs                 ; Yes        ; |MPQ|Array[97][1]          ;
; 14:1               ; 8 bits    ; 72 LEs        ; 32 LEs               ; 40 LEs                 ; Yes        ; |MPQ|Array[96][1]          ;
; 14:1               ; 8 bits    ; 72 LEs        ; 32 LEs               ; 40 LEs                 ; Yes        ; |MPQ|Array[95][6]          ;
; 14:1               ; 8 bits    ; 72 LEs        ; 32 LEs               ; 40 LEs                 ; Yes        ; |MPQ|Array[94][1]          ;
; 14:1               ; 8 bits    ; 72 LEs        ; 32 LEs               ; 40 LEs                 ; Yes        ; |MPQ|Array[93][2]          ;
; 14:1               ; 8 bits    ; 72 LEs        ; 32 LEs               ; 40 LEs                 ; Yes        ; |MPQ|Array[92][2]          ;
; 14:1               ; 8 bits    ; 72 LEs        ; 32 LEs               ; 40 LEs                 ; Yes        ; |MPQ|Array[91][5]          ;
; 14:1               ; 8 bits    ; 72 LEs        ; 32 LEs               ; 40 LEs                 ; Yes        ; |MPQ|Array[90][3]          ;
; 14:1               ; 8 bits    ; 72 LEs        ; 32 LEs               ; 40 LEs                 ; Yes        ; |MPQ|Array[89][2]          ;
; 14:1               ; 8 bits    ; 72 LEs        ; 32 LEs               ; 40 LEs                 ; Yes        ; |MPQ|Array[88][6]          ;
; 14:1               ; 8 bits    ; 72 LEs        ; 32 LEs               ; 40 LEs                 ; Yes        ; |MPQ|Array[87][6]          ;
; 14:1               ; 8 bits    ; 72 LEs        ; 32 LEs               ; 40 LEs                 ; Yes        ; |MPQ|Array[86][0]          ;
; 14:1               ; 8 bits    ; 72 LEs        ; 32 LEs               ; 40 LEs                 ; Yes        ; |MPQ|Array[85][1]          ;
; 14:1               ; 8 bits    ; 72 LEs        ; 32 LEs               ; 40 LEs                 ; Yes        ; |MPQ|Array[84][2]          ;
; 14:1               ; 8 bits    ; 72 LEs        ; 32 LEs               ; 40 LEs                 ; Yes        ; |MPQ|Array[83][7]          ;
; 14:1               ; 8 bits    ; 72 LEs        ; 32 LEs               ; 40 LEs                 ; Yes        ; |MPQ|Array[82][7]          ;
; 14:1               ; 8 bits    ; 72 LEs        ; 32 LEs               ; 40 LEs                 ; Yes        ; |MPQ|Array[81][7]          ;
; 14:1               ; 8 bits    ; 72 LEs        ; 32 LEs               ; 40 LEs                 ; Yes        ; |MPQ|Array[80][1]          ;
; 14:1               ; 8 bits    ; 72 LEs        ; 32 LEs               ; 40 LEs                 ; Yes        ; |MPQ|Array[79][5]          ;
; 14:1               ; 8 bits    ; 72 LEs        ; 32 LEs               ; 40 LEs                 ; Yes        ; |MPQ|Array[78][5]          ;
; 14:1               ; 8 bits    ; 72 LEs        ; 32 LEs               ; 40 LEs                 ; Yes        ; |MPQ|Array[77][0]          ;
; 14:1               ; 8 bits    ; 72 LEs        ; 32 LEs               ; 40 LEs                 ; Yes        ; |MPQ|Array[76][3]          ;
; 14:1               ; 8 bits    ; 72 LEs        ; 32 LEs               ; 40 LEs                 ; Yes        ; |MPQ|Array[75][6]          ;
; 14:1               ; 8 bits    ; 72 LEs        ; 32 LEs               ; 40 LEs                 ; Yes        ; |MPQ|Array[74][7]          ;
; 14:1               ; 8 bits    ; 72 LEs        ; 32 LEs               ; 40 LEs                 ; Yes        ; |MPQ|Array[73][7]          ;
; 14:1               ; 8 bits    ; 72 LEs        ; 32 LEs               ; 40 LEs                 ; Yes        ; |MPQ|Array[72][6]          ;
; 14:1               ; 8 bits    ; 72 LEs        ; 32 LEs               ; 40 LEs                 ; Yes        ; |MPQ|Array[71][6]          ;
; 14:1               ; 8 bits    ; 72 LEs        ; 32 LEs               ; 40 LEs                 ; Yes        ; |MPQ|Array[70][2]          ;
; 14:1               ; 8 bits    ; 72 LEs        ; 32 LEs               ; 40 LEs                 ; Yes        ; |MPQ|Array[69][1]          ;
; 14:1               ; 8 bits    ; 72 LEs        ; 32 LEs               ; 40 LEs                 ; Yes        ; |MPQ|Array[68][2]          ;
; 14:1               ; 8 bits    ; 72 LEs        ; 32 LEs               ; 40 LEs                 ; Yes        ; |MPQ|Array[67][2]          ;
; 14:1               ; 8 bits    ; 72 LEs        ; 32 LEs               ; 40 LEs                 ; Yes        ; |MPQ|Array[66][1]          ;
; 14:1               ; 8 bits    ; 72 LEs        ; 32 LEs               ; 40 LEs                 ; Yes        ; |MPQ|Array[65][1]          ;
; 14:1               ; 8 bits    ; 72 LEs        ; 32 LEs               ; 40 LEs                 ; Yes        ; |MPQ|Array[64][1]          ;
; 14:1               ; 8 bits    ; 72 LEs        ; 32 LEs               ; 40 LEs                 ; Yes        ; |MPQ|Array[63][3]          ;
; 14:1               ; 8 bits    ; 72 LEs        ; 32 LEs               ; 40 LEs                 ; Yes        ; |MPQ|Array[62][0]          ;
; 14:1               ; 8 bits    ; 72 LEs        ; 32 LEs               ; 40 LEs                 ; Yes        ; |MPQ|Array[61][3]          ;
; 14:1               ; 8 bits    ; 72 LEs        ; 32 LEs               ; 40 LEs                 ; Yes        ; |MPQ|Array[60][0]          ;
; 14:1               ; 8 bits    ; 72 LEs        ; 32 LEs               ; 40 LEs                 ; Yes        ; |MPQ|Array[59][3]          ;
; 14:1               ; 8 bits    ; 72 LEs        ; 32 LEs               ; 40 LEs                 ; Yes        ; |MPQ|Array[58][2]          ;
; 14:1               ; 8 bits    ; 72 LEs        ; 32 LEs               ; 40 LEs                 ; Yes        ; |MPQ|Array[57][4]          ;
; 14:1               ; 8 bits    ; 72 LEs        ; 32 LEs               ; 40 LEs                 ; Yes        ; |MPQ|Array[56][4]          ;
; 14:1               ; 8 bits    ; 72 LEs        ; 32 LEs               ; 40 LEs                 ; Yes        ; |MPQ|Array[55][5]          ;
; 14:1               ; 8 bits    ; 72 LEs        ; 32 LEs               ; 40 LEs                 ; Yes        ; |MPQ|Array[54][3]          ;
; 14:1               ; 8 bits    ; 72 LEs        ; 32 LEs               ; 40 LEs                 ; Yes        ; |MPQ|Array[53][3]          ;
; 14:1               ; 8 bits    ; 72 LEs        ; 32 LEs               ; 40 LEs                 ; Yes        ; |MPQ|Array[52][7]          ;
; 14:1               ; 8 bits    ; 72 LEs        ; 32 LEs               ; 40 LEs                 ; Yes        ; |MPQ|Array[51][7]          ;
; 14:1               ; 8 bits    ; 72 LEs        ; 32 LEs               ; 40 LEs                 ; Yes        ; |MPQ|Array[50][6]          ;
; 14:1               ; 8 bits    ; 72 LEs        ; 32 LEs               ; 40 LEs                 ; Yes        ; |MPQ|Array[49][7]          ;
; 14:1               ; 8 bits    ; 72 LEs        ; 32 LEs               ; 40 LEs                 ; Yes        ; |MPQ|Array[48][7]          ;
; 14:1               ; 8 bits    ; 72 LEs        ; 32 LEs               ; 40 LEs                 ; Yes        ; |MPQ|Array[47][3]          ;
; 14:1               ; 8 bits    ; 72 LEs        ; 32 LEs               ; 40 LEs                 ; Yes        ; |MPQ|Array[46][6]          ;
; 14:1               ; 8 bits    ; 72 LEs        ; 32 LEs               ; 40 LEs                 ; Yes        ; |MPQ|Array[45][7]          ;
; 14:1               ; 8 bits    ; 72 LEs        ; 32 LEs               ; 40 LEs                 ; Yes        ; |MPQ|Array[44][0]          ;
; 14:1               ; 8 bits    ; 72 LEs        ; 32 LEs               ; 40 LEs                 ; Yes        ; |MPQ|Array[43][3]          ;
; 14:1               ; 8 bits    ; 72 LEs        ; 32 LEs               ; 40 LEs                 ; Yes        ; |MPQ|Array[42][3]          ;
; 14:1               ; 8 bits    ; 72 LEs        ; 32 LEs               ; 40 LEs                 ; Yes        ; |MPQ|Array[41][2]          ;
; 14:1               ; 8 bits    ; 72 LEs        ; 32 LEs               ; 40 LEs                 ; Yes        ; |MPQ|Array[40][6]          ;
; 14:1               ; 8 bits    ; 72 LEs        ; 32 LEs               ; 40 LEs                 ; Yes        ; |MPQ|Array[39][3]          ;
; 14:1               ; 8 bits    ; 72 LEs        ; 32 LEs               ; 40 LEs                 ; Yes        ; |MPQ|Array[38][5]          ;
; 14:1               ; 8 bits    ; 72 LEs        ; 32 LEs               ; 40 LEs                 ; Yes        ; |MPQ|Array[37][2]          ;
; 14:1               ; 8 bits    ; 72 LEs        ; 32 LEs               ; 40 LEs                 ; Yes        ; |MPQ|Array[36][6]          ;
; 14:1               ; 8 bits    ; 72 LEs        ; 32 LEs               ; 40 LEs                 ; Yes        ; |MPQ|Array[35][1]          ;
; 14:1               ; 8 bits    ; 72 LEs        ; 32 LEs               ; 40 LEs                 ; Yes        ; |MPQ|Array[34][3]          ;
; 14:1               ; 8 bits    ; 72 LEs        ; 32 LEs               ; 40 LEs                 ; Yes        ; |MPQ|Array[33][3]          ;
; 14:1               ; 8 bits    ; 72 LEs        ; 32 LEs               ; 40 LEs                 ; Yes        ; |MPQ|Array[32][0]          ;
; 14:1               ; 8 bits    ; 72 LEs        ; 32 LEs               ; 40 LEs                 ; Yes        ; |MPQ|Array[31][0]          ;
; 14:1               ; 8 bits    ; 72 LEs        ; 32 LEs               ; 40 LEs                 ; Yes        ; |MPQ|Array[30][5]          ;
; 14:1               ; 8 bits    ; 72 LEs        ; 32 LEs               ; 40 LEs                 ; Yes        ; |MPQ|Array[29][2]          ;
; 14:1               ; 8 bits    ; 72 LEs        ; 32 LEs               ; 40 LEs                 ; Yes        ; |MPQ|Array[28][6]          ;
; 14:1               ; 8 bits    ; 72 LEs        ; 32 LEs               ; 40 LEs                 ; Yes        ; |MPQ|Array[27][1]          ;
; 14:1               ; 8 bits    ; 72 LEs        ; 32 LEs               ; 40 LEs                 ; Yes        ; |MPQ|Array[26][0]          ;
; 14:1               ; 8 bits    ; 72 LEs        ; 32 LEs               ; 40 LEs                 ; Yes        ; |MPQ|Array[25][1]          ;
; 14:1               ; 8 bits    ; 72 LEs        ; 32 LEs               ; 40 LEs                 ; Yes        ; |MPQ|Array[24][7]          ;
; 14:1               ; 8 bits    ; 72 LEs        ; 32 LEs               ; 40 LEs                 ; Yes        ; |MPQ|Array[23][7]          ;
; 14:1               ; 8 bits    ; 72 LEs        ; 32 LEs               ; 40 LEs                 ; Yes        ; |MPQ|Array[22][7]          ;
; 14:1               ; 8 bits    ; 72 LEs        ; 32 LEs               ; 40 LEs                 ; Yes        ; |MPQ|Array[21][4]          ;
; 14:1               ; 8 bits    ; 72 LEs        ; 32 LEs               ; 40 LEs                 ; Yes        ; |MPQ|Array[20][1]          ;
; 14:1               ; 8 bits    ; 72 LEs        ; 32 LEs               ; 40 LEs                 ; Yes        ; |MPQ|Array[19][7]          ;
; 14:1               ; 8 bits    ; 72 LEs        ; 32 LEs               ; 40 LEs                 ; Yes        ; |MPQ|Array[18][1]          ;
; 14:1               ; 8 bits    ; 72 LEs        ; 32 LEs               ; 40 LEs                 ; Yes        ; |MPQ|Array[17][7]          ;
; 14:1               ; 8 bits    ; 72 LEs        ; 32 LEs               ; 40 LEs                 ; Yes        ; |MPQ|Array[16][3]          ;
; 14:1               ; 8 bits    ; 72 LEs        ; 32 LEs               ; 40 LEs                 ; Yes        ; |MPQ|Array[15][2]          ;
; 14:1               ; 8 bits    ; 72 LEs        ; 32 LEs               ; 40 LEs                 ; Yes        ; |MPQ|Array[14][2]          ;
; 14:1               ; 8 bits    ; 72 LEs        ; 32 LEs               ; 40 LEs                 ; Yes        ; |MPQ|Array[13][2]          ;
; 14:1               ; 8 bits    ; 72 LEs        ; 32 LEs               ; 40 LEs                 ; Yes        ; |MPQ|Array[12][7]          ;
; 14:1               ; 8 bits    ; 72 LEs        ; 32 LEs               ; 40 LEs                 ; Yes        ; |MPQ|Array[11][7]          ;
; 14:1               ; 8 bits    ; 72 LEs        ; 32 LEs               ; 40 LEs                 ; Yes        ; |MPQ|Array[10][4]          ;
; 14:1               ; 8 bits    ; 72 LEs        ; 32 LEs               ; 40 LEs                 ; Yes        ; |MPQ|Array[9][5]           ;
; 14:1               ; 8 bits    ; 72 LEs        ; 32 LEs               ; 40 LEs                 ; Yes        ; |MPQ|Array[8][6]           ;
; 14:1               ; 8 bits    ; 72 LEs        ; 32 LEs               ; 40 LEs                 ; Yes        ; |MPQ|Array[7][4]           ;
; 14:1               ; 8 bits    ; 72 LEs        ; 32 LEs               ; 40 LEs                 ; Yes        ; |MPQ|Array[6][5]           ;
; 14:1               ; 8 bits    ; 72 LEs        ; 32 LEs               ; 40 LEs                 ; Yes        ; |MPQ|Array[5][4]           ;
; 14:1               ; 8 bits    ; 72 LEs        ; 32 LEs               ; 40 LEs                 ; Yes        ; |MPQ|Array[4][6]           ;
; 14:1               ; 8 bits    ; 72 LEs        ; 32 LEs               ; 40 LEs                 ; Yes        ; |MPQ|Array[3][1]           ;
; 14:1               ; 8 bits    ; 72 LEs        ; 32 LEs               ; 40 LEs                 ; Yes        ; |MPQ|Array[2][7]           ;
; 14:1               ; 8 bits    ; 72 LEs        ; 32 LEs               ; 40 LEs                 ; Yes        ; |MPQ|Array[0][0]           ;
; 270:1              ; 8 bits    ; 1440 LEs      ; 1392 LEs             ; 48 LEs                 ; Yes        ; |MPQ|Array[1][0]           ;
; 4:1                ; 255 bits  ; 510 LEs       ; 510 LEs              ; 0 LEs                  ; No         ; |MPQ|Array                 ;
; 5:1                ; 8 bits    ; 24 LEs        ; 16 LEs               ; 8 LEs                  ; No         ; |MPQ|Mux11                 ;
; 128:1              ; 16 bits   ; 1360 LEs      ; 1360 LEs             ; 0 LEs                  ; No         ; |MPQ|Mux33                 ;
; 256:1              ; 8 bits    ; 1360 LEs      ; 1360 LEs             ; 0 LEs                  ; No         ; |MPQ|Mux68                 ;
; 256:1              ; 8 bits    ; 1360 LEs      ; 1360 LEs             ; 0 LEs                  ; No         ; |MPQ|Mux62                 ;
; 256:1              ; 8 bits    ; 1360 LEs      ; 1360 LEs             ; 0 LEs                  ; No         ; |MPQ|Mux49                 ;
; 256:1              ; 8 bits    ; 1360 LEs      ; 1360 LEs             ; 0 LEs                  ; No         ; |MPQ|Mux46                 ;
+--------------------+-----------+---------------+----------------------+------------------------+------------+----------------------------+


+---------------------------------------------------------------------+
; Parameter Settings for User Entity Instance: Top-level Entity: |MPQ ;
+----------------+-------+--------------------------------------------+
; Parameter Name ; Value ; Type                                       ;
+----------------+-------+--------------------------------------------+
; Load           ; 000   ; Unsigned Binary                            ;
; Read_Cmd       ; 001   ; Unsigned Binary                            ;
; Execute_Cmd    ; 010   ; Unsigned Binary                            ;
; Done           ; 011   ; Unsigned Binary                            ;
; Build_Queue    ; 000   ; Unsigned Binary                            ;
; Extract_Max    ; 001   ; Unsigned Binary                            ;
; Increase_Value ; 010   ; Unsigned Binary                            ;
; Insert_Data    ; 011   ; Unsigned Binary                            ;
; Write          ; 100   ; Unsigned Binary                            ;
+----------------+-------+--------------------------------------------+
Note: In order to hide this table in the UI and the text report file, please set the "Show Parameter Settings in Synthesis Report" option in "Analysis and Synthesis Settings -> More Settings" to "Off".


+-----------------------------------------------------+
; Post-Synthesis Netlist Statistics for Top Partition ;
+-----------------------+-----------------------------+
; Type                  ; Count                       ;
+-----------------------+-----------------------------+
; boundary_port         ; 50                          ;
; cycloneiii_ff         ; 2110                        ;
;     CLR               ; 41                          ;
;     ENA               ; 2048                        ;
;     ENA CLR           ; 14                          ;
;     ENA CLR SCLR SLD  ; 7                           ;
; cycloneiii_lcell_comb ; 19366                       ;
;     arith             ; 90                          ;
;         2 data inputs ; 30                          ;
;         3 data inputs ; 60                          ;
;     normal            ; 19276                       ;
;         0 data inputs ; 1                           ;
;         1 data inputs ; 4                           ;
;         2 data inputs ; 239                         ;
;         3 data inputs ; 285                         ;
;         4 data inputs ; 18747                       ;
;                       ;                             ;
; Max LUT depth         ; 16.50                       ;
; Average LUT depth     ; 13.52                       ;
+-----------------------+-----------------------------+


+-------------------------------+
; Elapsed Time Per Partition    ;
+----------------+--------------+
; Partition Name ; Elapsed Time ;
+----------------+--------------+
; Top            ; 00:04:34     ;
+----------------+--------------+


+-------------------------------+
; Analysis & Synthesis Messages ;
+-------------------------------+
Info: *******************************************************************
Info: Running Quartus Prime Analysis & Synthesis
    Info: Version 20.1.1 Build 720 11/11/2020 SJ Lite Edition
    Info: Processing started: Mon May 20 21:21:32 2024
Info: Command: quartus_map --read_settings_files=on --write_settings_files=off MPQ -c MPQ
Warning (18236): Number of processors has not been specified which may cause overloading on shared machines.  Set the global assignment NUM_PARALLEL_PROCESSORS in your QSF to an appropriate value for best performance.
Info (20030): Parallel compilation is enabled and will use 12 of the 12 processors detected
Info (12021): Found 1 design units, including 1 entities, in source file /downloads/ncku-digital_ic_design/hw4_p76124265/rtl/mpq.v
    Info (12023): Found entity 1: MPQ File: E:/Downloads/NCKU-Digital_IC_Design/HW4_P76124265/RTL/MPQ.v Line: 5
Info (12127): Elaborating entity "MPQ" for the top level hierarchy
Warning (10230): Verilog HDL assignment warning at MPQ.v(39): truncated value with size 32 to match size of target (8) File: E:/Downloads/NCKU-Digital_IC_Design/HW4_P76124265/RTL/MPQ.v Line: 39
Warning (10230): Verilog HDL assignment warning at MPQ.v(40): truncated value with size 32 to match size of target (8) File: E:/Downloads/NCKU-Digital_IC_Design/HW4_P76124265/RTL/MPQ.v Line: 40
Warning (10230): Verilog HDL assignment warning at MPQ.v(105): truncated value with size 32 to match size of target (8) File: E:/Downloads/NCKU-Digital_IC_Design/HW4_P76124265/RTL/MPQ.v Line: 105
Warning (10230): Verilog HDL assignment warning at MPQ.v(127): truncated value with size 32 to match size of target (8) File: E:/Downloads/NCKU-Digital_IC_Design/HW4_P76124265/RTL/MPQ.v Line: 127
Warning (10230): Verilog HDL assignment warning at MPQ.v(160): truncated value with size 32 to match size of target (8) File: E:/Downloads/NCKU-Digital_IC_Design/HW4_P76124265/RTL/MPQ.v Line: 160
Warning (10230): Verilog HDL assignment warning at MPQ.v(161): truncated value with size 32 to match size of target (8) File: E:/Downloads/NCKU-Digital_IC_Design/HW4_P76124265/RTL/MPQ.v Line: 161
Warning (10230): Verilog HDL assignment warning at MPQ.v(171): truncated value with size 32 to match size of target (8) File: E:/Downloads/NCKU-Digital_IC_Design/HW4_P76124265/RTL/MPQ.v Line: 171
Warning (10230): Verilog HDL assignment warning at MPQ.v(200): truncated value with size 32 to match size of target (8) File: E:/Downloads/NCKU-Digital_IC_Design/HW4_P76124265/RTL/MPQ.v Line: 200
Warning (10230): Verilog HDL assignment warning at MPQ.v(208): truncated value with size 32 to match size of target (8) File: E:/Downloads/NCKU-Digital_IC_Design/HW4_P76124265/RTL/MPQ.v Line: 208
Warning (10230): Verilog HDL assignment warning at MPQ.v(217): truncated value with size 32 to match size of target (8) File: E:/Downloads/NCKU-Digital_IC_Design/HW4_P76124265/RTL/MPQ.v Line: 217
Info (13000): Registers with preset signals will power-up high File: E:/Downloads/NCKU-Digital_IC_Design/HW4_P76124265/RTL/MPQ.v Line: 14
Info (13003): DEV_CLRn pin will set, and not reset, register with preset signal due to NOT Gate Push-Back
Info (286030): Timing-Driven Synthesis is running
Info (17049): 3 registers lost all their fanouts during netlist optimizations.
Info (144001): Generated suppressed messages file E:/Downloads/NCKU-Digital_IC_Design/HW4_P76124265/Gate-level/output_files/MPQ.map.smsg
Info (16010): Generating hard_block partition "hard_block:auto_generated_inst"
    Info (16011): Adding 0 node(s), including 0 DDIO, 0 PLL, 0 transceiver and 0 LCELL
Warning (21074): Design contains 1 input pin(s) that do not drive logic
    Warning (15610): No output dependent on input pin "cmd_valid" File: E:/Downloads/NCKU-Digital_IC_Design/HW4_P76124265/RTL/MPQ.v Line: 10
Info (21057): Implemented 19417 device resources after synthesis - the final resource count might be different
    Info (21058): Implemented 31 input pins
    Info (21059): Implemented 19 output pins
    Info (21061): Implemented 19367 logic cells
Info: Quartus Prime Analysis & Synthesis was successful. 0 errors, 13 warnings
    Info: Peak virtual memory: 5381 megabytes
    Info: Processing ended: Mon May 20 21:26:26 2024
    Info: Elapsed time: 00:04:54
    Info: Total CPU time (on all processors): 00:01:56


+------------------------------------------+
; Analysis & Synthesis Suppressed Messages ;
+------------------------------------------+
The suppressed messages can be found in E:/Downloads/NCKU-Digital_IC_Design/HW4_P76124265/Gate-level/output_files/MPQ.map.smsg.


